// Jest Snapshot v1, https://goo.gl/fbAQLP

exports[`Button renders correctly 1`] = `
<button
  class="btn-shape-round btn-type-default btn-size-middle"
/>
`;
